[34mINTRODUCTION
[0m
This small piece of text aims at demonstrating and testing 
package '[4mstyle[24m'.

It is writen by a [1mnon-native[22m English speaker, so pardon any 
faults.

All details can be found in 
[![GoDoc](https://godoc.org/github.com/pirmd/cli/style?status.svg)](https://godoc.org/github.com/pirmd/cli/style)
[34m
EXAMPLES OF AVAILABLE STYLES
[0m[31m
Demonstrating Common Formatting[0m
Section [4mIntroduction[24m already demonstrates useful styles from
package 'styles', this section completes them with most of 
the others possibilities.

Notably, package [4mstyle[24m can print in [31mred[0m or [1m[32mgreen bold[0m[22m (if 
chosen style supports it).

Several levels of tabulations can be used:

    (Level 1) Lorem ipsum dolor sit amet, consectetur 
    adipiscing elit, sed do eiusmod tempor incididunt ut 
    labore et dolore magna aliqua.

        (Level 2) Ut enim ad minim veniam, quis nostrud 
        exercitation ullamco laboris nisi ut aliquip ex ea 
        commodo consequat. Duis aute irure dolor in 
        reprehenderit in voluptate velit esse cillum dolore 
        eu fugiat nulla pariatur.

                (Level 4) Excepteur sint occaecat cupidatat 
                non proident, sunt in culpa qui officia 
                deserunt mollit anim id est laborum.
[31m
Demonstrating Lists[0m
It knows how to format [3mlists[23m: 

  ‚Ä¢ This very long and detailed sentence is here to 
    demonstrate that list can be formatted and wrapped. It 
    should hopefully be so long that it will not fulfill the
    maximum number of authorized chars per line is reached.

  ‚Ä¢ It also can support sub-lists:

      ‚ó¶ Lorem ipsum dolor sit amet, consectetur adipiscing 
        elit, sed do eiusmod tempor incididunt ut labore et 
        dolore magna aliqua.

      ‚ó¶ Ut enim ad minim veniam, quis nostrud exercitation 
        ullamco laboris nisi ut aliquip ex ea commodo 
        consequat. Duis aute irure dolor in reprehenderit in
        voluptate velit esse cillum dolore eu fugiat nulla 
        pariatur.

      ‚ó¶ Excepteur sint occaecat cupidatat non proident, sunt
        in culpa qui officia deserunt mollit anim id est 
        laborum.

  ‚Ä¢ It is also possible to have a list's item that contains 
    several paragraphs.

    For example, this paragraph that I made artificially 
    long to verify that wrapping is working correctly inside
    list

It can build [1mordered [3mlists[23m[22m: 

     1. This very long and detailed sentence is here to 
        demonstrate that list can be formatted and wrapped. 
        It should hopefully be so long that it will not 
        fulfill the maximum number of authorized chars per 
        line is reached.

     2. It also can support sub-lists:

         1. Lorem ipsum dolor sit amet, consectetur 
            adipiscing elit, sed do eiusmod tempor 
            incididunt ut labore et dolore magna aliqua.

         2. Ut enim ad minim veniam, quis nostrud 
            exercitation ullamco laboris nisi ut aliquip ex 
            ea commodo consequat. Duis aute irure dolor in 
            reprehenderit in voluptate velit esse cillum 
            dolore eu fugiat nulla pariatur.

         3. Excepteur sint occaecat cupidatat non proident, 
            sunt in culpa qui officia deserunt mollit anim 
            id est laborum.

     3. It is also possible to mix with bullet list if you 
        really want to.

          ‚ÅÉ First things usually come first.

          ‚ÅÉ Second things should come after the first ones.

It also knows how to [3mdefine[23m terms:

[1mstyle[22m
    A particular procedure by which something is done; a 
    manner or way.

Even using Tabs:

    [1mlorem ipsum[22m
        Lorem ipsum dolor sit amet, consectetur adipiscing 
        elit, sed do eiusmod tempor incididunt ut labore et 
        dolore magna aliqua. Ut enim ad minim veniam, quis 
        nostrud exercitation ullamco laboris nisi ut aliquip
        ex ea commodo consequat. Duis aute irure dolor in 
        reprehenderit in voluptate velit esse cillum dolore 
        eu fugiat nulla pariatur. Excepteur sint occaecat 
        cupidatat non proident, sunt in culpa qui officia 
        deserunt mollit anim id est laborum.
[31m
Demonstrating Tables[0m
Package 'style' supports drawing tables for most basic 
cases. Using Tab to align tables should be done carefully as
table way to guess optimum columns size does not take into 
account the tabulation

------------ ----------------------- -----------------------
Column1      Column2                 Column3                
------------ ----------------------- -----------------------
Basic column This one is here        Last but not least     
             to demonstrate          shows [1mformating[22m within 
             that colums with        the table              
             several lines work too                         
                                                            
             This second row is here Also possibly a second 
             to test multi-lines     chance to verify that  
             rows format             multi-lines is working 
------------ ----------------------- -----------------------

It is also possible to use tabs with tables:

    ------------ --------------------- ---------------------
    Column1      Column2               Column3              
    ------------ --------------------- ---------------------
    Basic column This one is here      Last but not least   
                 to demonstrate        shows [1mformating[22m      
                 that colums with      within the table     
                 several lines work                         
                 too                                        
                                                            
                 This second row is    Also possibly a      
                 here to test          second chance to     
                 multi-lines rows      verify that          
                 format                multi-lines is       
                                       working              
    ------------ --------------------- ---------------------
